[Wed Mar 18 07:44:32 UTC 2026] V6 pipeline waiting for weather fetch...
[Wed Mar 18 07:45:32 UTC 2026] Weather: 680/4179
[Wed Mar 18 07:46:32 UTC 2026] Weather: 680/4179
[Wed Mar 18 07:47:32 UTC 2026] Weather: 680/4179
[Wed Mar 18 07:48:32 UTC 2026] Weather: 680/4179
[Wed Mar 18 07:49:32 UTC 2026] Weather: 680/4179
[Wed Mar 18 07:50:32 UTC 2026] Weather: 680/4179
[Wed Mar 18 07:51:32 UTC 2026] Weather: 680/4179
[Wed Mar 18 07:52:32 UTC 2026] Weather: 680/4179
[Wed Mar 18 07:53:32 UTC 2026] Weather: 680/4179
[Wed Mar 18 07:54:32 UTC 2026] Weather: 680/4179
[Wed Mar 18 07:55:15 UTC 2026] V6 pipeline (fixed) waiting for weather fetch...
[Wed Mar 18 07:55:23 UTC 2026] V6 pipeline (fixed) waiting for weather fetch...
[Wed Mar 18 07:55:32 UTC 2026] V6 pipeline (fixed) waiting for weather fetch...
[Wed Mar 18 07:56:15 UTC 2026] Weather: 1210/4179
[Wed Mar 18 07:57:15 UTC 2026] Weather: 1230/4179
[Wed Mar 18 07:58:15 UTC 2026] Weather: ?/4179
[Wed Mar 18 07:59:15 UTC 2026] Weather: 1270/4179
[Wed Mar 18 08:00:15 UTC 2026] Weather: 1290/4179
[Wed Mar 18 08:01:15 UTC 2026] Weather: 1310/4179
[Wed Mar 18 08:02:15 UTC 2026] Weather: 1330/4179
[Wed Mar 18 08:03:15 UTC 2026] Weather: ?/4179
[Wed Mar 18 08:04:15 UTC 2026] Weather: 1370/4179
[Wed Mar 18 08:05:15 UTC 2026] Weather: 1390/4179
[Wed Mar 18 08:06:15 UTC 2026] Weather: 1410/4179
[Wed Mar 18 08:07:15 UTC 2026] Weather: 1430/4179
[Wed Mar 18 08:08:15 UTC 2026] Weather: ?/4179
[Wed Mar 18 08:09:15 UTC 2026] Weather: 1470/4179
[Wed Mar 18 08:10:15 UTC 2026] Weather: 1490/4179
[Wed Mar 18 08:11:15 UTC 2026] Weather: 1520/4179
[Wed Mar 18 08:12:15 UTC 2026] Weather: 1530/4179
[Wed Mar 18 08:13:15 UTC 2026] Weather: ?/4179
[Wed Mar 18 08:14:15 UTC 2026] Weather: 1570/4179
[Wed Mar 18 08:15:15 UTC 2026] Weather: ?/4179
[Wed Mar 18 08:16:15 UTC 2026] Weather: 1640/4179
[Wed Mar 18 08:17:15 UTC 2026] Weather: 1660/4179
[Wed Mar 18 08:18:15 UTC 2026] Weather: 1690/4179
[Wed Mar 18 08:19:15 UTC 2026] Weather: 1710/4179
[Wed Mar 18 08:20:15 UTC 2026] Weather: 1740/4179
[Wed Mar 18 08:21:15 UTC 2026] Weather: 1760/4179
[Wed Mar 18 08:22:15 UTC 2026] Weather: 1780/4179
[Wed Mar 18 08:23:15 UTC 2026] Weather: 1810/4179
[Wed Mar 18 08:24:15 UTC 2026] Weather: 1830/4179
[Wed Mar 18 08:25:15 UTC 2026] Weather: ?/4179
[Wed Mar 18 08:26:15 UTC 2026] Weather: 1880/4179
[Wed Mar 18 08:27:15 UTC 2026] Weather: ?/4179
[Wed Mar 18 08:28:15 UTC 2026] Weather: 1920/4179
[Wed Mar 18 08:29:15 UTC 2026] Weather: ?/4179
[Wed Mar 18 08:30:15 UTC 2026] Weather: 1970/4179
[Wed Mar 18 08:31:15 UTC 2026] Weather: ?/4179
[Wed Mar 18 08:32:15 UTC 2026] Weather: 2020/4179
[Wed Mar 18 08:33:15 UTC 2026] Weather: ?/4179
[Wed Mar 18 08:34:15 UTC 2026] Weather: 2070/4179
[Wed Mar 18 08:35:15 UTC 2026] Weather: 2090/4179
[Wed Mar 18 08:36:15 UTC 2026] Weather: 2110/4179
[Wed Mar 18 08:37:15 UTC 2026] Weather: 2140/4179
[Wed Mar 18 08:38:15 UTC 2026] Weather: 2170/4179
[Wed Mar 18 08:39:15 UTC 2026] Weather: 2190/4179
[Wed Mar 18 08:40:15 UTC 2026] Weather: 2210/4179
[Wed Mar 18 08:41:15 UTC 2026] Weather: 2240/4179
[Wed Mar 18 08:42:15 UTC 2026] Weather: 2270/4179
[Wed Mar 18 08:43:15 UTC 2026] Weather: 2290/4179
[Wed Mar 18 08:44:15 UTC 2026] Weather: 2310/4179
[Wed Mar 18 08:45:15 UTC 2026] Weather: 2340/4179
[Wed Mar 18 08:46:15 UTC 2026] Weather: 2360/4179
[Wed Mar 18 08:47:15 UTC 2026] Weather: 2390/4179
[Wed Mar 18 08:48:15 UTC 2026] Weather: 2420/4179
[Wed Mar 18 08:49:15 UTC 2026] Weather: ?/4179
[Wed Mar 18 08:50:15 UTC 2026] Weather: 2480/4179
[Wed Mar 18 08:51:15 UTC 2026] Weather: 2510/4179
[Wed Mar 18 08:52:15 UTC 2026] Weather: 2540/4179
[Wed Mar 18 08:53:15 UTC 2026] Weather: 2570/4179
[Wed Mar 18 08:54:15 UTC 2026] Weather: ?/4179
[Wed Mar 18 08:55:15 UTC 2026] Weather: 2630/4179
[Wed Mar 18 08:56:15 UTC 2026] Weather: 2670/4179
[Wed Mar 18 08:57:15 UTC 2026] Weather: ?/4179
[Wed Mar 18 08:58:15 UTC 2026] Weather: 2730/4179
[Wed Mar 18 08:59:15 UTC 2026] Weather: 2760/4179
[Wed Mar 18 09:00:15 UTC 2026] Weather: 2790/4179
[Wed Mar 18 09:01:16 UTC 2026] Weather: 2830/4179
[Wed Mar 18 09:02:16 UTC 2026] Weather: 2860/4179
[Wed Mar 18 09:03:16 UTC 2026] Weather: 2870/4179
[Wed Mar 18 09:04:16 UTC 2026] Weather: 2910/4179
[Wed Mar 18 09:05:16 UTC 2026] Weather: 2940/4179
[Wed Mar 18 09:06:16 UTC 2026] Weather: 2970/4179
[Wed Mar 18 09:07:16 UTC 2026] Weather: 3010/4179
[Wed Mar 18 09:08:16 UTC 2026] Weather: 3040/4179
[Wed Mar 18 09:09:16 UTC 2026] Weather: 3070/4179
[Wed Mar 18 09:10:16 UTC 2026] Weather: ?/4179
[Wed Mar 18 09:11:16 UTC 2026] Weather: 3130/4179
[Wed Mar 18 09:12:16 UTC 2026] Weather: 3170/4179
[Wed Mar 18 09:13:16 UTC 2026] Weather: ?/4179
[Wed Mar 18 09:14:16 UTC 2026] Weather: 3230/4179
[Wed Mar 18 09:15:16 UTC 2026] Weather: 3260/4179
[Wed Mar 18 09:16:16 UTC 2026] Weather: 3290/4179
[Wed Mar 18 09:17:16 UTC 2026] Weather: 3320/4179
[Wed Mar 18 09:18:16 UTC 2026] Weather: ?/4179
[Wed Mar 18 09:19:16 UTC 2026] Weather: 3380/4179
[Wed Mar 18 09:20:16 UTC 2026] Weather: 3410/4179
[Wed Mar 18 09:21:16 UTC 2026] Weather: 3450/4179
[Wed Mar 18 09:22:16 UTC 2026] Weather: 3470/4179
[Wed Mar 18 09:23:16 UTC 2026] Weather: 3490/4179
[Wed Mar 18 09:24:16 UTC 2026] Weather: ?/4179
[Wed Mar 18 09:25:16 UTC 2026] Weather: 3510/4179
[Wed Mar 18 09:26:16 UTC 2026] Weather: 3520/4179
[Wed Mar 18 09:27:16 UTC 2026] Weather: 3540/4179
[Wed Mar 18 09:28:16 UTC 2026] Weather: ?/4179
[Wed Mar 18 09:29:16 UTC 2026] Weather: 3560/4179
[Wed Mar 18 09:30:16 UTC 2026] Weather: 3580/4179
[Wed Mar 18 09:31:16 UTC 2026] Weather: 3590/4179
[Wed Mar 18 09:32:16 UTC 2026] Weather: ?/4179
[Wed Mar 18 09:33:16 UTC 2026] Weather: 3620/4179
[Wed Mar 18 09:34:16 UTC 2026] Weather: 3630/4179
[Wed Mar 18 09:35:16 UTC 2026] Weather: 3640/4179
[Wed Mar 18 09:36:16 UTC 2026] Weather: ?/4179
[Wed Mar 18 09:37:16 UTC 2026] Weather: 3660/4179
[Wed Mar 18 09:38:16 UTC 2026] Weather: 3680/4179
[Wed Mar 18 09:39:16 UTC 2026] Weather: 3690/4179
[Wed Mar 18 09:40:16 UTC 2026] Weather: ?/4179
[Wed Mar 18 09:41:16 UTC 2026] Weather: 3710/4179
[Wed Mar 18 09:42:16 UTC 2026] Weather: 3720/4179
[Wed Mar 18 09:43:16 UTC 2026] Weather: 3730/4179
[Wed Mar 18 09:44:16 UTC 2026] Weather: 3740/4179
[Wed Mar 18 09:45:16 UTC 2026] Weather: 3760/4179
[Wed Mar 18 09:46:16 UTC 2026] Weather: 3770/4179
[Wed Mar 18 09:47:16 UTC 2026] Weather: 3780/4179
[Wed Mar 18 09:48:16 UTC 2026] Weather: 3790/4179
[Wed Mar 18 09:49:16 UTC 2026] Weather: ?/4179
[Wed Mar 18 09:50:16 UTC 2026] Weather: 3810/4179
[Wed Mar 18 09:51:16 UTC 2026] Weather: 3830/4179
[Wed Mar 18 09:52:16 UTC 2026] Weather: 3840/4179
[Wed Mar 18 09:53:16 UTC 2026] Weather: ?/4179
[Wed Mar 18 09:54:16 UTC 2026] Weather: ?/4179
[Wed Mar 18 09:55:16 UTC 2026] Weather: 3870/4179
[Wed Mar 18 09:56:16 UTC 2026] Weather: 3880/4179
[Wed Mar 18 09:57:16 UTC 2026] Weather: 3890/4179
[Wed Mar 18 09:58:16 UTC 2026] Weather: ?/4179
[Wed Mar 18 09:59:16 UTC 2026] Weather: 3910/4179
[Wed Mar 18 10:00:16 UTC 2026] Weather: 3920/4179
[Wed Mar 18 10:01:16 UTC 2026] Weather: 3930/4179
[Wed Mar 18 10:02:16 UTC 2026] Weather: 3940/4179
[Wed Mar 18 10:03:16 UTC 2026] Weather: ?/4179
[Wed Mar 18 10:04:16 UTC 2026] Weather: 3960/4179
[Wed Mar 18 10:05:16 UTC 2026] Weather: 3980/4179
[Wed Mar 18 10:06:16 UTC 2026] Weather: 3980/4179
[Wed Mar 18 10:07:16 UTC 2026] Weather: 3990/4179
[Wed Mar 18 10:08:16 UTC 2026] Weather: 4010/4179
[Wed Mar 18 10:09:16 UTC 2026] Weather: 4020/4179
[Wed Mar 18 10:10:16 UTC 2026] Weather: 4030/4179
[Wed Mar 18 10:11:17 UTC 2026] Weather: 4030/4179
[Wed Mar 18 10:12:17 UTC 2026] Weather: 4050/4179
[Wed Mar 18 10:13:17 UTC 2026] Weather: 4060/4179
[Wed Mar 18 10:14:17 UTC 2026] Weather: 4070/4179
[Wed Mar 18 10:15:17 UTC 2026] Weather: 4080/4179
[Wed Mar 18 10:16:17 UTC 2026] Weather: 4090/4179
[Wed Mar 18 10:17:17 UTC 2026] Weather: ?/4179
[Wed Mar 18 10:18:17 UTC 2026] Weather: 4110/4179
[Wed Mar 18 10:19:17 UTC 2026] Weather: 4120/4179
[Wed Mar 18 10:20:17 UTC 2026] Weather: 4130/4179
[Wed Mar 18 10:21:17 UTC 2026] Weather: 4140/4179
[Wed Mar 18 10:22:17 UTC 2026] Weather: ?/4179
[Wed Mar 18 10:23:17 UTC 2026] Weather: 4160/4179
[Wed Mar 18 10:24:17 UTC 2026] Weather: 4170/4179
[Wed Mar 18 10:25:17 UTC 2026] Weather: ?/4179
[Wed Mar 18 10:25:17 UTC 2026] Weather fetch complete!
[Wed Mar 18 10:25:17 UTC 2026] USGS fetch complete!
[Wed Mar 18 10:25:17 UTC 2026] Starting CPUE v6 training with new features...
[10:25:18] ======================================================================
[10:25:18] CPUE MODEL v5 — DAY-LEVEL TOURNAMENT DATA
[10:25:18] ======================================================================
[10:25:18] 
--- Loading tournament data ---
[10:25:18]   all_bassmaster_outcomes.csv: 842 rows
[10:25:18]   elite_outcomes.csv: 334 rows
[10:25:18]   flw_outcomes.csv: 2260 rows
[10:25:18]   tourneyx_outcomes.csv: 3014 rows
[10:25:18]   combined_all_outcomes_v2.csv: 1471 rows
[10:25:18]   Raw total: 7921
[10:25:18]   After dedup: 6450
[10:25:18]   With valid CPUE: 6450
[10:25:18]   Dropping 2973 length-based events
[10:25:18]   Final tournament rows: 3477
[10:25:18] 
--- Resolving coordinates ---
[10:25:18]   FLW weather: 1236 matched
[10:25:18]   Geocode cache: 1153 matched
[10:25:18]   Total with coords: 2389/3477 (68.7%)
[10:25:18] 
--- Feature Engineering ---
[10:25:18]   Temporal + context features: done
[10:25:18] 
--- Merging day-level weather ---
[10:25:18]   Weather daily file: 4179 rows
[10:25:18]   Merged from daily weather: 2318/2389
[10:25:18]   FLW weather fallback filled: 14 additional
[10:25:18]   Computing derived weather features...
[10:25:18]   Weather coverage: 2332/2389 (97.6%)
[10:25:18]   Pressure delta coverage: 2304/2389 (96.4%)
[10:25:18] 
--- USGS gauge features ---
[10:25:18]   USGS file: 2943 rows
[10:25:18]   USGS matched: 178/2389 (7.5%)
[10:25:18] 
--- Weather regime features ---
[10:25:18]   Regime file: 1236 rows
[10:25:18]   Regime matched: 1166/2389 (48.8%)
[10:25:18] 
--- LAGOS morphometry ---
[10:25:18]   Pre-matched LAGOS file: 1925 locations
[10:25:19]   LAGOS matched (pre-matched): 1129/2389 (47.3%)
[10:25:19] 
--- Species proxy features ---
[10:25:19]   Species features added: 7 (smb_probability, lmb_probability, smb_depth_signal, smb_composite, species_optimal_temp, species_temp_deviation...)
[10:25:19] 
--- GeoCLIP embeddings ---
[10:25:19]   GeoCLIP file not found, skipping
[10:25:19] 
  Final dataset: 2389 rows x 118 columns
[10:25:19]   Date range: 1997-02-23 to 2025-12-04
[10:25:19]   Unique locations: 146
[10:25:19]   CPUE range: 1.19 - 136.44 lb/angler
[10:25:19]   CPUE median: 14.56 lb/angler
[10:25:19] 
Ready: 2389 rows, 91 features
[10:25:19] 
======================================================================
[10:25:19] TRAINING — 91 features, 2389 rows
[10:25:19] ======================================================================
[10:25:19]   Features: ['num_anglers', 'day_number', 'lat', 'lon', 'year', 'month', 'day_of_year', 'day_of_week', 'is_weekend', 'month_sin']... (showing first 10)
[10:25:19] 
--- Hyperparameter search (fold 1) ---
[10:25:20]   depth=6 lr=0.03 l2=3: R2=0.6573
[10:25:22]   depth=7 lr=0.03 l2=3: R2=0.6466
[10:25:25]   depth=7 lr=0.02 l2=5: R2=0.6550
[10:25:31]   depth=8 lr=0.02 l2=5: R2=0.6532
[10:25:31]   depth=5 lr=0.05 l2=1: R2=0.6690
[10:25:31]   Best config: {'depth': 5, 'lr': 0.05, 'l2': 1}
[10:25:31] 
--- 5-fold GroupKFold (grouped by location) ---
[10:25:31] 
  Fold 1/5 (train=1911, val=478, val_locs=29)
[10:25:32]     CatBoost:  R2=0.6690  MAE=5.517 lb
[10:25:33]     XGBoost:   R2=0.6524  MAE=5.730 lb
Training until validation scores don't improve for 150 rounds
Early stopping, best iteration is:
[75]	valid_0's rmse: 0.392317
[10:25:44]     LightGBM:  R2=0.6447  MAE=5.622 lb
[10:25:44]     AvgEnsemble: R2=0.6734
[10:25:44] 
  Fold 2/5 (train=1911, val=478, val_locs=29)
[10:25:44]     CatBoost:  R2=0.6742  MAE=7.510 lb
[10:25:45]     XGBoost:   R2=0.6815  MAE=7.514 lb
Training until validation scores don't improve for 150 rounds
Early stopping, best iteration is:
[80]	valid_0's rmse: 0.387407
[10:25:56]     LightGBM:  R2=0.6802  MAE=7.544 lb
[10:25:56]     AvgEnsemble: R2=0.6930
[10:25:56] 
  Fold 3/5 (train=1911, val=478, val_locs=29)
[10:25:57]     CatBoost:  R2=0.6851  MAE=5.395 lb
[10:25:57]     XGBoost:   R2=0.6361  MAE=5.388 lb
Training until validation scores don't improve for 150 rounds
Early stopping, best iteration is:
[133]	valid_0's rmse: 0.32111
[10:26:12]     LightGBM:  R2=0.6908  MAE=4.812 lb
[10:26:12]     AvgEnsemble: R2=0.6940
[10:26:12] 
  Fold 4/5 (train=1911, val=478, val_locs=30)
[10:26:12]     CatBoost:  R2=0.6746  MAE=5.076 lb
[10:26:13]     XGBoost:   R2=0.6789  MAE=4.856 lb
Training until validation scores don't improve for 150 rounds
Early stopping, best iteration is:
[70]	valid_0's rmse: 0.36309
[10:26:27]     LightGBM:  R2=0.6568  MAE=4.855 lb
[10:26:27]     AvgEnsemble: R2=0.6808
[10:26:27] 
  Fold 5/5 (train=1912, val=477, val_locs=29)
[10:26:28]     CatBoost:  R2=0.5491  MAE=4.630 lb
[10:26:29]     XGBoost:   R2=0.5955  MAE=4.666 lb
Training until validation scores don't improve for 150 rounds
Early stopping, best iteration is:
[67]	valid_0's rmse: 0.365755
[10:26:39]     LightGBM:  R2=0.5435  MAE=4.776 lb
[10:26:39]     AvgEnsemble: R2=0.5747
[10:26:39] 
======================================================================
[10:26:39] STACKING META-LEARNER (Ridge on OOF predictions)
[10:26:39] ======================================================================
[10:26:39]   Ridge weights: CB=0.474  XGB=0.368  LGB=0.218
[10:26:39]   Stacked R2: 0.6789
[10:26:39]   Stacked MAE: 5.254 lb
[10:26:39]   Stacked RMSE (log): 0.3538
[10:26:39] 
======================================================================
[10:26:39] TEMPORAL HOLDOUT (train < 2023, test >= 2023)
[10:26:39] ======================================================================
[10:26:39]   Train: 1937 rows (1997-2022)
[10:26:39]   Test:  452 rows (2023-2025)
[10:26:39]   Temporal R2:  0.3672
[10:26:39]   Temporal MAE: 2.864 lb
[10:26:39] 
======================================================================
[10:26:39] FEATURE IMPORTANCE (top 30)
[10:26:39] ======================================================================
[10:26:43]                      day_of_week: 11.17%
[10:26:43]                  log_num_anglers: 9.31%
[10:26:43]                      num_anglers: 9.06%
[10:26:43]                       is_weekend: 7.36%
[10:26:43]                             year: 4.87%
[10:26:43]                pressure_trend_6h: 4.53%
[10:26:43]               pressure_trend_12h: 3.99%
[10:26:43]                    lagos_area_ha: 3.56%
[10:26:43]                        lagos_sdi: 3.13%
[10:26:43]                   lagos_log_area: 2.92%
[10:26:43]                              lon: 2.27%
[10:26:43]                    temp_trend_6h: 2.27%
[10:26:43]                      series_tier: 2.19%
[10:26:43]                  stability_index: 2.08%
[10:26:43]                          doy_sin: 1.67%
[10:26:43]                pressure_x_season: 1.43%
[10:26:43]                      lat_x_month: 1.42%
[10:26:43]                    smb_composite: 1.29%
[10:26:43]                      day_of_year: 1.24%
[10:26:43]                    humidity_mean: 1.16%
[10:26:43]               hours_since_precip: 1.16%
[10:26:43]                  lmb_probability: 0.97%
[10:26:43]             wind_shift_magnitude: 0.97%
[10:26:43]                  lunar_phase_sin: 0.88%
[10:26:43]                hours_since_front: 0.88%
[10:26:43]                          abs_lat: 0.86%
[10:26:43]                              lat: 0.80%
[10:26:43]                  lunar_phase_cos: 0.79%
[10:26:43]               days_since_equinox: 0.79%
[10:26:43]             species_optimal_temp: 0.78%
[10:26:43] 
======================================================================
[10:26:43] FINAL SUMMARY — CPUE Model v5 (Day-Level Tournament)
[10:26:43] ======================================================================
[10:26:43]   Dataset:                2389 tournament-days
[10:26:43]   Date range:             1997-02-23 to 2025-12-04
[10:26:43]   Unique locations:       146
[10:26:43]   Features:               91
[10:26:43]   Weather coverage:       2332/2389 (97.6%)
[10:26:43]   Pressure delta coverage:2304/2389 (96.4%)
[10:26:43]   GroupKFold splits:      5
[10:26:43]   Best HP config:         depth=5 lr=0.05 l2=1
[10:26:43] 
[10:26:43]   CPUE R2 (CatBoost):     0.6504 +/- 0.0509
[10:26:43]   CPUE R2 (XGBoost):      0.6489 +/- 0.0316
[10:26:43]   CPUE R2 (LightGBM):     0.6432 +/- 0.0524
[10:26:43]   CPUE R2 (Avg Ensemble): 0.6632 +/- 0.0449
[10:26:43]   CPUE R2 (Stacked):      0.6789
[10:26:43] 
[10:26:43]   CPUE MAE (CatBoost):    5.625 lb/angler
[10:26:43]   CPUE MAE (XGBoost):     5.631 lb/angler
[10:26:43]   CPUE MAE (LightGBM):    5.522 lb/angler
[10:26:43]   CPUE MAE (Stacked):     5.254 lb/angler
[10:26:43]   CPUE RMSE (Stacked):    0.3538 (log scale)
[10:26:43] 
[10:26:43]   Wall time:              84s
[10:26:43] ======================================================================
[Wed Mar 18 10:26:44 UTC 2026] V6 training EXIT CODE=0
[Wed Mar 18 10:26:44 UTC 2026] V6 pipeline complete!
